#
# There is insufficient memory for the Java Runtime Environment to continue.
# Native memory allocation (malloc) failed to allocate 39216 bytes for Chunk::new
# Possible reasons:
#   The system is out of physical RAM or swap space
#   The process is running with CompressedOops enabled, and the Java Heap may be blocking the growth of the native heap
# Possible solutions:
#   Reduce memory load on the system
#   Increase physical memory or swap space
#   Check if swap backing store is full
#   Decrease Java heap size (-Xmx/-Xms)
#   Decrease number of Java threads
#   Decrease Java thread stack sizes (-Xss)
#   Set larger code cache with -XX:ReservedCodeCacheSize=
#   JVM is running with Unscaled Compressed Oops mode in which the Java heap is
#     placed in the first 4GB address space. The Java Heap base address is the
#     maximum limit for the native heap growth. Please use -XX:HeapBaseMinAddress
#     to set the Java Heap base and to place the Java Heap above 4GB virtual address.
# This output file may be truncated or incomplete.
#
#  Out of Memory Error (allocation.cpp:390), pid=17092, tid=0x00000000000004f0
#
# JRE version: Java(TM) SE Runtime Environment (8.0_201-b09) (build 1.8.0_201-b09)
# Java VM: Java HotSpot(TM) 64-Bit Server VM (25.201-b09 mixed mode windows-amd64 compressed oops)
# Failed to write core dump. Minidumps are not enabled by default on client versions of Windows
#

---------------  T H R E A D  ---------------

Current thread (0x00000000195db000):  JavaThread "C2 CompilerThread2" daemon [_thread_in_native, id=1264, stack(0x000000001a0d0000,0x000000001a1d0000)]

Stack: [0x000000001a0d0000,0x000000001a1d0000]
[error occurred during error reporting (printing stack bounds), id 0xc0000005]

Native frames: (J=compiled Java code, j=interpreted, Vv=VM code, C=native code)


Current CompileTask:
C2:    863 1591   !   4       java.lang.StringCoding::decode (120 bytes)


---------------  P R O C E S S  ---------------

Java Threads: ( => current thread )
  0x000000001aab0800 JavaThread "HikariPool-1 connection adder" daemon [_thread_blocked, id=14320, stack(0x0000000025ae0000,0x0000000025be0000)]
  0x000000001aaaf800 JavaThread "D3D Screen Updater" daemon [_thread_blocked, id=13388, stack(0x00000000258c0000,0x00000000259c0000)]
  0x000000001aaad800 JavaThread "HikariPool-1 housekeeper" daemon [_thread_blocked, id=10904, stack(0x00000000247f0000,0x00000000248f0000)]
  0x000000001aaac000 JavaThread "mysql-cj-abandoned-connection-cleanup" daemon [_thread_blocked, id=1820, stack(0x00000000241f0000,0x00000000242f0000)]
  0x000000001aa3c000 JavaThread "Image Fetcher 1" daemon [_thread_blocked, id=3148, stack(0x0000000023df0000,0x0000000023ef0000)]
  0x000000001a7dd000 JavaThread "TimerQueue" daemon [_thread_blocked, id=15452, stack(0x00000000238f0000,0x00000000239f0000)]
  0x000000001a7c5000 JavaThread "Image Fetcher 0" daemon [_thread_blocked, id=13420, stack(0x00000000235f0000,0x00000000236f0000)]
  0x000000001a778000 JavaThread "Thread-1" [_thread_in_native, id=14856, stack(0x00000000234f0000,0x00000000235f0000)]
  0x0000000002c43000 JavaThread "DestroyJavaVM" [_thread_blocked, id=14128, stack(0x0000000002b40000,0x0000000002c40000)]
  0x000000001a74b000 JavaThread "AWT-EventQueue-0" [_thread_in_native, id=8804, stack(0x000000001b150000,0x000000001b250000)]
  0x000000001a745800 JavaThread "AWT-Windows" daemon [_thread_in_native, id=10044, stack(0x000000001b050000,0x000000001b150000)]
  0x000000001a6f0000 JavaThread "AWT-Shutdown" [_thread_blocked, id=17220, stack(0x000000001af50000,0x000000001b050000)]
  0x000000001a6ef000 JavaThread "Java2D Disposer" daemon [_thread_blocked, id=12064, stack(0x000000001ae50000,0x000000001af50000)]
  0x0000000019677000 JavaThread "Service Thread" daemon [_thread_blocked, id=8324, stack(0x000000001a2d0000,0x000000001a3d0000)]
  0x00000000195df800 JavaThread "C1 CompilerThread3" daemon [_thread_blocked, id=12484, stack(0x000000001a1d0000,0x000000001a2d0000)]
=>0x00000000195db000 JavaThread "C2 CompilerThread2" daemon [_thread_in_native, id=1264, stack(0x000000001a0d0000,0x000000001a1d0000)]
  0x00000000195d8800 JavaThread "C2 CompilerThread1" daemon [_thread_in_native, id=3772, stack(0x0000000019fd0000,0x000000001a0d0000)]
  0x00000000195d6000 JavaThread "C2 CompilerThread0" daemon [_thread_in_native, id=4524, stack(0x0000000019ed0000,0x0000000019fd0000)]
  0x00000000195d3800 JavaThread "Attach Listener" daemon [_thread_blocked, id=15880, stack(0x0000000019dd0000,0x0000000019ed0000)]
  0x00000000195d2000 JavaThread "Signal Dispatcher" daemon [_thread_blocked, id=14472, stack(0x0000000019cd0000,0x0000000019dd0000)]
  0x00000000195c0800 JavaThread "Finalizer" daemon [_thread_blocked, id=10080, stack(0x0000000019aa0000,0x0000000019ba0000)]
  0x0000000002d36000 JavaThread "Reference Handler" daemon [_thread_blocked, id=14804, stack(0x00000000199a0000,0x0000000019aa0000)]

Other Threads:
  0x00000000177da000 VMThread [stack: 0x00000000194a0000,0x00000000195a0000] [id=14744]
  0x0000000019689800 WatcherThread [stack: 0x000000001a3d0000,0x000000001a4d0000] [id=7580]

VM state:not at safepoint (normal execution)

VM Mutex/Monitor currently owned by a thread: None

heap address: 0x000000008a000000, size: 1888 MB, Compressed Oops mode: 32-bit
Narrow klass base: 0x0000000000000000, Narrow klass shift: 3
Compressed class space size: 1073741824 Address: 0x0000000100000000

Heap:
 PSYoungGen      total 35328K, used 21358K [0x00000000d8b00000, 0x00000000dd000000, 0x0000000100000000)
  eden space 30720K, 54% used [0x00000000d8b00000,0x00000000d9b5d270,0x00000000da900000)
  from space 4608K, 99% used [0x00000000da900000,0x00000000dad7e650,0x00000000dad80000)
  to   space 4608K, 0% used [0x00000000dcb80000,0x00000000dcb80000,0x00000000dd000000)
 ParOldGen       total 80896K, used 4234K [0x000000008a000000, 0x000000008ef00000, 0x00000000d8b00000)
  object space 80896K, 5% used [0x000000008a000000,0x000000008a422888,0x000000008ef00000)
 Metaspace       used 19774K, capacity 20208K, committed 20480K, reserved 1067008K
  class space    used 2381K, capacity 2526K, committed 2560K, reserved 1048576K

Card table byte_map: [0x0000000012100000,0x00000000124c0000] byte_map_base: 0x0000000011cb0000

Marking Bits: (ParMarkBitMap*) 0x0000000060674ce0
 Begin Bits: [0x0000000012f40000, 0x0000000014cc0000)
 End Bits:   [0x0000000014cc0000, 0x0000000016a40000)

Polling page: 0x0000000001160000

CodeCache: size=245760Kb used=5044Kb max_used=5048Kb free=240715Kb
 bounds [0x0000000002d40000, 0x0000000003240000, 0x0000000011d40000]
 total_blobs=2193 nmethods=1595 adapters=511
 compilation: enabled

Compilation events (10 events):
Event: 0.847 Thread 0x00000000195db000 nmethod 1588 0x000000000322bc90 code [0x000000000322be00, 0x000000000322c548]
Event: 0.849 Thread 0x00000000195db000 1590       4       java.lang.String::checkBounds (46 bytes)
Event: 0.850 Thread 0x00000000195db000 nmethod 1590 0x0000000003218d10 code [0x0000000003218e40, 0x0000000003218ef8]
Event: 0.850 Thread 0x00000000195db000 1591   !   4       java.lang.StringCoding::decode (120 bytes)
Event: 0.856 Thread 0x00000000195df800 1593       2       java.nio.charset.CharsetDecoder::flush (49 bytes)
Event: 0.856 Thread 0x00000000195df800 nmethod 1593 0x0000000003226350 code [0x00000000032264c0, 0x00000000032266d8]
Event: 0.856 Thread 0x00000000195df800 1594       1       java.nio.charset.CharsetDecoder::implFlush (4 bytes)
Event: 0.856 Thread 0x00000000195df800 nmethod 1594 0x00000000032200d0 code [0x0000000003220220, 0x0000000003220330]
Event: 0.857 Thread 0x00000000195df800 1596       3       java.nio.Buffer::clear (20 bytes)
Event: 0.857 Thread 0x00000000195df800 nmethod 1596 0x000000000321e250 code [0x000000000321e3a0, 0x000000000321e510]

GC Heap History (2 events):
Event: 0.687 GC heap before
{Heap before GC invocations=1 (full 0):
 PSYoungGen      total 35328K, used 30720K [0x00000000d8b00000, 0x00000000db200000, 0x0000000100000000)
  eden space 30720K, 100% used [0x00000000d8b00000,0x00000000da900000,0x00000000da900000)
  from space 4608K, 0% used [0x00000000dad80000,0x00000000dad80000,0x00000000db200000)
  to   space 4608K, 0% used [0x00000000da900000,0x00000000da900000,0x00000000dad80000)
 ParOldGen       total 80896K, used 0K [0x000000008a000000, 0x000000008ef00000, 0x00000000d8b00000)
  object space 80896K, 0% used [0x000000008a000000,0x000000008a000000,0x000000008ef00000)
 Metaspace       used 19160K, capacity 19544K, committed 19712K, reserved 1067008K
  class space    used 2316K, capacity 2456K, committed 2560K, reserved 1048576K
Event: 0.696 GC heap after
Heap after GC invocations=1 (full 0):
 PSYoungGen      total 35328K, used 4601K [0x00000000d8b00000, 0x00000000dd000000, 0x0000000100000000)
  eden space 30720K, 0% used [0x00000000d8b00000,0x00000000d8b00000,0x00000000da900000)
  from space 4608K, 99% used [0x00000000da900000,0x00000000dad7e650,0x00000000dad80000)
  to   space 4608K, 0% used [0x00000000dcb80000,0x00000000dcb80000,0x00000000dd000000)
 ParOldGen       total 80896K, used 4234K [0x000000008a000000, 0x000000008ef00000, 0x00000000d8b00000)
  object space 80896K, 5% used [0x000000008a000000,0x000000008a422888,0x000000008ef00000)
 Metaspace       used 19160K, capacity 19544K, committed 19712K, reserved 1067008K
  class space    used 2316K, capacity 2456K, committed 2560K, reserved 1048576K
}

Deoptimization events (10 events):
Event: 0.550 Thread 0x000000001a74b000 Uncommon trap: reason=unstable_if action=reinterpret pc=0x0000000002f7f29c method=java.lang.CharacterDataLatin1.digit(II)I @ 82
Event: 0.608 Thread 0x000000001a74b000 Uncommon trap: reason=class_check action=maybe_recompile pc=0x0000000002f9c70c method=java.util.HashMap.putVal(ILjava/lang/Object;Ljava/lang/Object;ZZ)Ljava/lang/Object; @ 203
Event: 0.699 Thread 0x000000001a74b000 Uncommon trap: reason=unstable_if action=reinterpret pc=0x0000000003069b94 method=java.util.HashMap.getNode(ILjava/lang/Object;)Ljava/util/HashMap$Node; @ 62
Event: 0.699 Thread 0x000000001a74b000 Uncommon trap: reason=unstable_if action=reinterpret pc=0x0000000002fc6b68 method=java.util.HashMap.getNode(ILjava/lang/Object;)Ljava/util/HashMap$Node; @ 62
Event: 0.699 Thread 0x000000001a74b000 Uncommon trap: reason=class_check action=maybe_recompile pc=0x0000000002f9c70c method=java.util.HashMap.putVal(ILjava/lang/Object;Ljava/lang/Object;ZZ)Ljava/lang/Object; @ 203
Event: 0.700 Thread 0x000000001a74b000 Uncommon trap: reason=class_check action=maybe_recompile pc=0x0000000002fa2aac method=java.util.HashMap.putVal(ILjava/lang/Object;Ljava/lang/Object;ZZ)Ljava/lang/Object; @ 203
Event: 0.731 Thread 0x000000001a74b000 Uncommon trap: reason=unstable_if action=reinterpret pc=0x0000000003150910 method=java.lang.String.toLowerCase(Ljava/util/Locale;)Ljava/lang/String; @ 37
Event: 0.731 Thread 0x000000001a74b000 Uncommon trap: reason=unstable_if action=reinterpret pc=0x0000000002ee27c0 method=java.lang.CharacterData.of(I)Ljava/lang/CharacterData; @ 4
Event: 0.785 Thread 0x000000001aab0800 Uncommon trap: reason=unstable_if action=reinterpret pc=0x0000000002f77514 method=java.lang.CharacterDataLatin1.digit(II)I @ 82
Event: 0.820 Thread 0x000000001a74b000 Uncommon trap: reason=unstable_if action=reinterpret pc=0x000000000321722c method=java.lang.Character.isSurrogate(C)Z @ 3

Classes redefined (0 events):
No events

Internal exceptions (10 events):
Event: 0.027 Thread 0x0000000002c43000 Exception <a 'java/lang/NoSuchMethodError': Method sun.misc.Unsafe.prefetchRead(Ljava/lang/Object;J)V name or signature does not match> (0x00000000d8b07f98) thrown at [C:\re\workspace\8-2-build-windows-amd64-cygwin\jdk8u201\12322\hotspot\src\share\vm\prim
Event: 0.074 Thread 0x0000000002c43000 Exception <a 'java/security/PrivilegedActionException'> (0x00000000d8b93ed8) thrown at [C:\re\workspace\8-2-build-windows-amd64-cygwin\jdk8u201\12322\hotspot\src\share\vm\prims\jvm.cpp, line 1502]
Event: 0.074 Thread 0x0000000002c43000 Exception <a 'java/security/PrivilegedActionException'> (0x00000000d8b940e8) thrown at [C:\re\workspace\8-2-build-windows-amd64-cygwin\jdk8u201\12322\hotspot\src\share\vm\prims\jvm.cpp, line 1502]
Event: 0.074 Thread 0x0000000002c43000 Exception <a 'java/security/PrivilegedActionException'> (0x00000000d8b97ff8) thrown at [C:\re\workspace\8-2-build-windows-amd64-cygwin\jdk8u201\12322\hotspot\src\share\vm\prims\jvm.cpp, line 1502]
Event: 0.074 Thread 0x0000000002c43000 Exception <a 'java/security/PrivilegedActionException'> (0x00000000d8b98208) thrown at [C:\re\workspace\8-2-build-windows-amd64-cygwin\jdk8u201\12322\hotspot\src\share\vm\prims\jvm.cpp, line 1502]
Event: 0.085 Thread 0x0000000002c43000 Exception <a 'java/io/FileNotFoundException'> (0x00000000d8c60ef8) thrown at [C:\re\workspace\8-2-build-windows-amd64-cygwin\jdk8u201\12322\hotspot\src\share\vm\prims\jni.cpp, line 709]
Event: 0.106 Thread 0x0000000002c43000 Exception <a 'java/lang/NoSuchFieldError': method resolution failed> (0x00000000d8d32860) thrown at [C:\re\workspace\8-2-build-windows-amd64-cygwin\jdk8u201\12322\hotspot\src\share\vm\prims\methodHandles.cpp, line 1167]
Event: 0.107 Thread 0x0000000002c43000 Exception <a 'java/lang/NoSuchFieldError': method resolution failed> (0x00000000d8d3fc30) thrown at [C:\re\workspace\8-2-build-windows-amd64-cygwin\jdk8u201\12322\hotspot\src\share\vm\prims\methodHandles.cpp, line 1167]
Event: 0.146 Thread 0x000000001a74b000 Exception <a 'java/io/FileNotFoundException'> (0x00000000d8f4dbb0) thrown at [C:\re\workspace\8-2-build-windows-amd64-cygwin\jdk8u201\12322\hotspot\src\share\vm\prims\jni.cpp, line 709]
Event: 0.673 Thread 0x000000001a74b000 Exception <a 'sun/nio/fs/WindowsException'> (0x00000000da4dc830) thrown at [C:\re\workspace\8-2-build-windows-amd64-cygwin\jdk8u201\12322\hotspot\src\share\vm\prims\jni.cpp, line 709]

Events (10 events):
Event: 0.821 Thread 0x000000001a74b000 DEOPT PACKING pc=0x000000000321722c sp=0x000000001b24b7f0
Event: 0.821 Thread 0x000000001a74b000 DEOPT UNPACKING pc=0x0000000002d8583b sp=0x000000001b24b728 mode 2
Event: 0.852 loading class sun/nio/cs/ext/DoubleByte
Event: 0.852 loading class sun/nio/cs/ext/DoubleByte done
Event: 0.852 loading class sun/nio/cs/ext/DoubleByte$Decoder
Event: 0.852 loading class sun/nio/cs/ext/DelegatableDecoder
Event: 0.852 loading class sun/nio/cs/ext/DelegatableDecoder done
Event: 0.852 loading class sun/nio/cs/ext/DoubleByte$Decoder done
Event: 0.852 Executing VM operation: Deoptimize
Event: 0.853 Executing VM operation: Deoptimize done


Dynamic libraries:
0x00007ff6fdb40000 - 0x00007ff6fdb77000 	C:\Program Files\Java\jdk1.8.0_201\bin\java.exe
0x00007ff90b990000 - 0x00007ff90bba8000 	C:\WINDOWS\SYSTEM32\ntdll.dll
0x00007ff90a540000 - 0x00007ff90a604000 	C:\WINDOWS\System32\KERNEL32.DLL
0x00007ff908f80000 - 0x00007ff909353000 	C:\WINDOWS\System32\KERNELBASE.dll
0x00007ff90b380000 - 0x00007ff90b431000 	C:\WINDOWS\System32\ADVAPI32.dll
0x00007ff90b8a0000 - 0x00007ff90b947000 	C:\WINDOWS\System32\msvcrt.dll
0x00007ff90a490000 - 0x00007ff90a538000 	C:\WINDOWS\System32\sechost.dll
0x00007ff909390000 - 0x00007ff9093b8000 	C:\WINDOWS\System32\bcrypt.dll
0x00007ff9099f0000 - 0x00007ff909b08000 	C:\WINDOWS\System32\RPCRT4.dll
0x00007ff909700000 - 0x00007ff9098b2000 	C:\WINDOWS\System32\USER32.dll
0x00007ff909360000 - 0x00007ff909386000 	C:\WINDOWS\System32\win32u.dll
0x00007ff90b440000 - 0x00007ff90b469000 	C:\WINDOWS\System32\GDI32.dll
0x00007ff908c90000 - 0x00007ff908db3000 	C:\WINDOWS\System32\gdi32full.dll
0x00007ff908ee0000 - 0x00007ff908f7a000 	C:\WINDOWS\System32\msvcp_win.dll
0x00007ff908dc0000 - 0x00007ff908ed1000 	C:\WINDOWS\System32\ucrtbase.dll
0x00007ff8f5b30000 - 0x00007ff8f5dcc000 	C:\WINDOWS\WinSxS\amd64_microsoft.windows.common-controls_6595b64144ccf1df_6.0.22621.6060_none_2712eda17382d24b\COMCTL32.dll
0x00007ff909640000 - 0x00007ff909671000 	C:\WINDOWS\System32\IMM32.DLL
0x0000000060bc0000 - 0x0000000060bcc000 	C:\Program Files (x86)\360\Total Security\safemon\SafeWrapper.dll
0x00007ff8cafa0000 - 0x00007ff8cb04c000 	C:\Program Files (x86)\360\Total Security\safemon\libzdtp64.dll
0x00007ff90a790000 - 0x00007ff90b02e000 	C:\WINDOWS\System32\SHELL32.dll
0x00007ff908b50000 - 0x00007ff908c8f000 	C:\WINDOWS\System32\wintypes.dll
0x00007ff90a0f0000 - 0x00007ff90a482000 	C:\WINDOWS\System32\combase.dll
0x00007ff90a720000 - 0x00007ff90a789000 	C:\WINDOWS\System32\SHLWAPI.dll
0x00007ff9083f0000 - 0x00007ff9083fa000 	C:\WINDOWS\SYSTEM32\VERSION.dll
0x000000005fd70000 - 0x000000005fe41000 	C:\Program Files\Java\jdk1.8.0_201\jre\bin\msvcr100.dll
0x000000005fe50000 - 0x00000000606f4000 	C:\Program Files\Java\jdk1.8.0_201\jre\bin\server\jvm.dll
0x00007ff909630000 - 0x00007ff909638000 	C:\WINDOWS\System32\PSAPI.DLL
0x00007ff8f6210000 - 0x00007ff8f6219000 	C:\WINDOWS\SYSTEM32\WSOCK32.dll
0x00007ff90b630000 - 0x00007ff90b6a1000 	C:\WINDOWS\System32\WS2_32.dll
0x00007ff901aa0000 - 0x00007ff901ad4000 	C:\WINDOWS\SYSTEM32\WINMM.dll
0x00007ff904450000 - 0x00007ff90445f000 	C:\Program Files\Java\jdk1.8.0_201\jre\bin\verify.dll
0x00007ff901db0000 - 0x00007ff901dd9000 	C:\Program Files\Java\jdk1.8.0_201\jre\bin\java.dll
0x00007ff900500000 - 0x00007ff900516000 	C:\Program Files\Java\jdk1.8.0_201\jre\bin\zip.dll
0x00007ff906900000 - 0x00007ff907218000 	C:\WINDOWS\SYSTEM32\windows.storage.dll
0x00007ff90a610000 - 0x00007ff90a714000 	C:\WINDOWS\System32\SHCORE.dll
0x00007ff9089c0000 - 0x00007ff9089e5000 	C:\WINDOWS\SYSTEM32\profapi.dll
0x00007ff8b2000000 - 0x00007ff8b2199000 	C:\Program Files\Java\jdk1.8.0_201\jre\bin\awt.dll
0x00007ff90b7c0000 - 0x00007ff90b898000 	C:\WINDOWS\System32\OLEAUT32.dll
0x00007ff903a80000 - 0x00007ff903b17000 	C:\WINDOWS\SYSTEM32\apphelp.dll
0x00007ff905cd0000 - 0x00007ff905d83000 	C:\WINDOWS\system32\uxtheme.dll
0x00007ff909f90000 - 0x00007ff90a0f0000 	C:\WINDOWS\System32\MSCTF.dll
0x00007ff90b470000 - 0x00007ff90b610000 	C:\WINDOWS\System32\ole32.dll
0x00007ff9079f0000 - 0x00007ff907a08000 	C:\WINDOWS\SYSTEM32\kernel.appcore.dll
0x00007ff9095b0000 - 0x00007ff90962b000 	C:\WINDOWS\System32\bcryptPrimitives.dll
0x00007ff9060a0000 - 0x00007ff9060cb000 	C:\WINDOWS\system32\DWMAPI.DLL
0x00007ff8b2b10000 - 0x00007ff8b2c10000 	C:\WINDOWS\system32\opengl32.dll
0x00007ff8f7ee0000 - 0x00007ff8f7f0d000 	C:\WINDOWS\SYSTEM32\GLU32.dll
0x00007ff905e00000 - 0x00007ff905e37000 	C:\WINDOWS\SYSTEM32\dxcore.dll
0x00007ff8b8000000 - 0x00007ff8b81a8000 	C:\WINDOWS\system32\d3d9.dll
0x00007ff8fe600000 - 0x00007ff8fe7d8000 	C:\WINDOWS\System32\DriverStore\FileRepository\u0353287.inf_amd64_ecfcd6842346386a\B353212\aticfx64.dll
0x00007ff87fed0000 - 0x00007ff87ff01000 	C:\WINDOWS\System32\DriverStore\FileRepository\u0353287.inf_amd64_ecfcd6842346386a\B353212\atiu9p64.dll
0x00007ff87f260000 - 0x00007ff87feca000 	C:\WINDOWS\System32\DriverStore\FileRepository\u0353287.inf_amd64_ecfcd6842346386a\B353212\atiumd64.dll
0x00007ff905750000 - 0x00007ff905983000 	C:\WINDOWS\SYSTEM32\dbghelp.dll
0x00007ff8b9940000 - 0x00007ff8b9972000 	C:\WINDOWS\SYSTEM32\dbgcore.DLL
0x000000005ee90000 - 0x000000005fc35000 	C:\WINDOWS\System32\DriverStore\FileRepository\u0353287.inf_amd64_ecfcd6842346386a\B353212\atiumd6a.dll
0x00007ff908960000 - 0x00007ff9089ad000 	C:\WINDOWS\SYSTEM32\POWRPROF.dll
0x00007ff908940000 - 0x00007ff908953000 	C:\WINDOWS\SYSTEM32\UMPDC.dll
0x00007ff8fc060000 - 0x00007ff8fc08e000 	C:\WINDOWS\SYSTEM32\amdihk64.dll
0x00007ff9003a0000 - 0x00007ff9003e9000 	C:\WINDOWS\SYSTEM32\directxdatabasehelper.dll
0x00007ff8f6ff0000 - 0x00007ff8f7021000 	C:\Program Files\Java\jdk1.8.0_201\jre\bin\jpeg.dll
0x00007ff8f7d90000 - 0x00007ff8f7dd7000 	C:\Program Files\Java\jdk1.8.0_201\jre\bin\fontmanager.dll
0x00007ff8f7f30000 - 0x00007ff8f7f4a000 	C:\Program Files\Java\jdk1.8.0_201\jre\bin\net.dll
0x00007ff8cd060000 - 0x00007ff8cd255000 	C:\WINDOWS\SYSTEM32\urlmon.dll
0x00007ff907470000 - 0x00007ff90747c000 	C:\WINDOWS\SYSTEM32\netutils.dll
0x00007ff8f8020000 - 0x00007ff8f8048000 	C:\WINDOWS\SYSTEM32\srvcli.dll
0x00007ff8f55a0000 - 0x00007ff8f585f000 	C:\WINDOWS\SYSTEM32\iertutil.dll
0x00007ff907ed0000 - 0x00007ff907f39000 	C:\WINDOWS\system32\mswsock.dll
0x00007ff8f7f10000 - 0x00007ff8f7f21000 	C:\Program Files\Java\jdk1.8.0_201\jre\bin\nio.dll
0x00007ff8f6e30000 - 0x00007ff8f6e72000 	C:\Program Files\Java\jdk1.8.0_201\jre\bin\t2k.dll
0x00007ff8f6ad0000 - 0x00007ff8f6af4000 	C:\Program Files\Java\jdk1.8.0_201\jre\bin\sunec.dll
0x00007ff907480000 - 0x00007ff9074ad000 	C:\WINDOWS\SYSTEM32\IPHLPAPI.DLL
0x00007ff9099d0000 - 0x00007ff9099d9000 	C:\WINDOWS\System32\NSI.dll
0x00007ff9039b0000 - 0x00007ff9039c9000 	C:\WINDOWS\SYSTEM32\dhcpcsvc6.DLL
0x00007ff904000000 - 0x00007ff90401f000 	C:\WINDOWS\SYSTEM32\dhcpcsvc.DLL
0x00007ff9074f0000 - 0x00007ff9075e8000 	C:\WINDOWS\SYSTEM32\DNSAPI.dll
0x00007ff909920000 - 0x00007ff9099d0000 	C:\WINDOWS\System32\clbcatq.dll
0x00007ff905ab0000 - 0x00007ff905c62000 	C:\WINDOWS\SYSTEM32\WindowsCodecs.dll
0x00007ff8cc050000 - 0x00007ff8cc0ae000 	C:\WINDOWS\system32\dataexchange.dll
0x00007ff8fe7e0000 - 0x00007ff8fea86000 	C:\WINDOWS\system32\twinapi.appcore.dll
0x00007ff8fb500000 - 0x00007ff8fb645000 	C:\WINDOWS\SYSTEM32\textinputframework.dll
0x00007ff903ff0000 - 0x00007ff903ffa000 	C:\Windows\System32\rasadhlp.dll
0x00007ff900c90000 - 0x00007ff900d14000 	C:\WINDOWS\System32\fwpuclnt.dll
0x00007ff908130000 - 0x00007ff90814b000 	C:\WINDOWS\SYSTEM32\CRYPTSP.dll
0x00007ff907950000 - 0x00007ff907987000 	C:\WINDOWS\system32\rsaenh.dll
0x00007ff907fc0000 - 0x00007ff907fe8000 	C:\WINDOWS\SYSTEM32\USERENV.dll
0x00007ff908120000 - 0x00007ff90812c000 	C:\WINDOWS\SYSTEM32\CRYPTBASE.dll

VM Arguments:
jvm_args: -Duser.timezone=America/Monterrey 
java_command: Vista.Login
java_class_path (initial): C:\Users\vic\Documents\VhaoPuntoDeVenta\target\classes;C:\Users\vic\.m2\repository\com\mysql\mysql-connector-j\8.0.33\mysql-connector-j-8.0.33.jar;C:\Users\vic\.m2\repository\com\google\protobuf\protobuf-java\3.21.9\protobuf-java-3.21.9.jar;C:\Users\vic\.m2\repository\org\slf4j\slf4j-simple\1.7.36\slf4j-simple-1.7.36.jar;C:\Users\vic\.m2\repository\org\slf4j\slf4j-api\1.7.36\slf4j-api-1.7.36.jar;C:\Users\vic\.m2\repository\com\itextpdf\itextpdf\5.5.13.3\itextpdf-5.5.13.3.jar;C:\Users\vic\.m2\repository\com\zaxxer\HikariCP\4.0.3\HikariCP-4.0.3.jar;C:\Users\vic\.m2\repository\com\google\code\gson\gson\2.10.1\gson-2.10.1.jar;C:\Users\vic\.m2\repository\org\jfree\jfreechart\1.5.3\jfreechart-1.5.3.jar;C:\Users\vic\.m2\repository\com\toedter\jcalendar\1.4\jcalendar-1.4.jar;C:\Users\vic\.m2\repository\org\json\json\20240303\json-20240303.jar;C:\Users\vic\.m2\repository\org\netbeans\lib\absolute-layout\1.0\absolute-layout-1.0.jar
Launcher Type: SUN_STANDARD

Environment Variables:
JAVA_HOME=C:\Program Files\Java\jdk1.8.0_201
PATH=C:\Program Files\Common Files\Oracle\Java\javapath;C:\Program Files (x86)\Common Files\Oracle\Java\javapath;C:\Program Files (x86)\Common Files\Intel\Shared Libraries\redist\intel64\compiler;"C:\Program Files\Java\jdk1.8.0_202\bin;C:\Program Files\Java\jre1.8.0_301";C:\WINDOWS\system32;C:\WINDOWS;C:\WINDOWS\System32\Wbem;C:\WINDOWS\System32\WindowsPowerShell\v1.0\;C:\WINDOWS\System32\OpenSSH\;C:\Users\vic\AppData\Local\Android\Sdk\platforms;C:\Users\vic\AppData\Local\Android\Sdk\platform-tools;C:\Program Files (x86)\QuickTime\QTSystem\;C:\Program Files\dotnet\;C:\Program Files\Microsoft SQL Server\Client SDK\ODBC\170\Tools\Binn\;C:\Program Files (x86)\Microsoft SQL Server\150\Tools\Binn\;C:\Program Files\Microsoft SQL Server\150\Tools\Binn\;C:\Program Files\Microsoft SQL Server\150\DTS\Binn\;C:\Program Files\Azure Data Studio\bin;C:\Program Files\Microsoft SQL Server\130\Tools\Binn\;C:\Program Files (x86)\Microsoft SQL Server\150\DTS\Binn\;C:\Program Files\Git\cmd;C:\Program Files\Microsoft SQL Server\Client SDK\ODBC\110\Tools\Binn\;C:\Program Files (x86)\Microsoft SQL Server\120\Tools\Binn\;C:\Program Files\Microsoft SQL Server\120\Tools\Binn\;C:\Program Files\Microsoft SQL Server\120\DTS\Binn\;C:\apache-maven-3.9.10\bin;C:\Program Files\Java\jdk-21\bin;C:\Program Files (x86)\WiX Toolset v3.14\bin;C:\Users\vic\AppData\Local\Microsoft\WindowsApps;;C:\Users\vic\AppData\Local\Programs\Microsoft VS Code\bin;C:\Users\vic\.dotnet\tools;C:\Program Files\Azure Data Studio\bin;C:\intellii\IntelliJ IDEA Community Edition 2025.1.2\bin;
USERNAME=vic
OS=Windows_NT
PROCESSOR_IDENTIFIER=AMD64 Family 23 Model 96 Stepping 1, AuthenticAMD



---------------  S Y S T E M  ---------------

OS: Windows 10.0 , 64 bit Build 22621 (10.0.22621.5415)

CPU:total 8 (initial active 8) (8 cores per cpu, 1 threads per core) family 23 model 96 stepping 1, cmov, cx8, fxsr, mmx, sse, sse2, sse3, ssse3, sse4.1, sse4.2, popcnt, avx, avx2, aes, clmul, mmxext, 3dnowpref, lzcnt, sse4a, tsc, tscinvbit, tscinv, bmi1

Memory: 4k page, physical 7730500k(998572k free), swap 11617016k(4124k free)

vm_info: Java HotSpot(TM) 64-Bit Server VM (25.201-b09) for windows-amd64 JRE (1.8.0_201-b09), built on Dec 15 2018 18:36:39 by "java_re" with MS VC++ 10.0 (VS2010)

time: Sun Nov 16 03:04:17 2025
timezone: Hora estándar central (México)
elapsed time: 0 seconds (0d 0h 0m 0s)

