#
# There is insufficient memory for the Java Runtime Environment to continue.
# Native memory allocation (malloc) failed to allocate 235616 bytes for Chunk::new
# Possible reasons:
#   The system is out of physical RAM or swap space
#   The process is running with CompressedOops enabled, and the Java Heap may be blocking the growth of the native heap
# Possible solutions:
#   Reduce memory load on the system
#   Increase physical memory or swap space
#   Check if swap backing store is full
#   Decrease Java heap size (-Xmx/-Xms)
#   Decrease number of Java threads
#   Decrease Java thread stack sizes (-Xss)
#   Set larger code cache with -XX:ReservedCodeCacheSize=
#   JVM is running with Unscaled Compressed Oops mode in which the Java heap is
#     placed in the first 4GB address space. The Java Heap base address is the
#     maximum limit for the native heap growth. Please use -XX:HeapBaseMinAddress
#     to set the Java Heap base and to place the Java Heap above 4GB virtual address.
# This output file may be truncated or incomplete.
#
#  Out of Memory Error (allocation.cpp:390), pid=12276, tid=0x0000000000003734
#
# JRE version: Java(TM) SE Runtime Environment (8.0_201-b09) (build 1.8.0_201-b09)
# Java VM: Java HotSpot(TM) 64-Bit Server VM (25.201-b09 mixed mode windows-amd64 compressed oops)
# Failed to write core dump. Minidumps are not enabled by default on client versions of Windows
#

---------------  T H R E A D  ---------------

Current thread (0x00000000197d6000):  JavaThread "C2 CompilerThread0" daemon [_thread_in_native, id=14132, stack(0x000000001a0d0000,0x000000001a1d0000)]

Stack: [0x000000001a0d0000,0x000000001a1d0000]
[error occurred during error reporting (printing stack bounds), id 0xc0000005]

Native frames: (J=compiled Java code, j=interpreted, Vv=VM code, C=native code)


Current CompileTask:
C2:    468  570 %     4       sun.nio.cs.UTF_8$Decoder::decode @ 20 (779 bytes)


---------------  P R O C E S S  ---------------

Java Threads: ( => current thread )
  0x0000000019872800 JavaThread "Service Thread" daemon [_thread_blocked, id=17160, stack(0x000000001a4d0000,0x000000001a5d0000)]
  0x00000000197df000 JavaThread "C1 CompilerThread3" daemon [_thread_blocked, id=10712, stack(0x000000001a3d0000,0x000000001a4d0000)]
  0x00000000197db000 JavaThread "C2 CompilerThread2" daemon [_thread_blocked, id=12364, stack(0x000000001a2d0000,0x000000001a3d0000)]
  0x00000000197d8000 JavaThread "C2 CompilerThread1" daemon [_thread_blocked, id=16568, stack(0x000000001a1d0000,0x000000001a2d0000)]
=>0x00000000197d6000 JavaThread "C2 CompilerThread0" daemon [_thread_in_native, id=14132, stack(0x000000001a0d0000,0x000000001a1d0000)]
  0x00000000197d2800 JavaThread "Attach Listener" daemon [_thread_blocked, id=4196, stack(0x0000000019fd0000,0x000000001a0d0000)]
  0x00000000179de800 JavaThread "Signal Dispatcher" daemon [_thread_blocked, id=780, stack(0x0000000019ed0000,0x0000000019fd0000)]
  0x00000000197c0800 JavaThread "Finalizer" daemon [_thread_blocked, id=9696, stack(0x0000000019ca0000,0x0000000019da0000)]
  0x0000000002f26000 JavaThread "Reference Handler" daemon [_thread_blocked, id=16856, stack(0x0000000019ba0000,0x0000000019ca0000)]
  0x0000000002e32800 JavaThread "main" [_thread_in_native, id=15760, stack(0x0000000002d20000,0x0000000002e20000)]

Other Threads:
  0x00000000179c9800 VMThread [stack: 0x00000000196a0000,0x00000000197a0000] [id=8468]
  0x00000000198a4000 WatcherThread [stack: 0x000000001a5d0000,0x000000001a6d0000] [id=16744]

VM state:not at safepoint (normal execution)

VM Mutex/Monitor currently owned by a thread: None

heap address: 0x000000008a000000, size: 1888 MB, Compressed Oops mode: 32-bit
Narrow klass base: 0x0000000000000000, Narrow klass shift: 3
Compressed class space size: 1073741824 Address: 0x0000000100000000

Heap:
 PSYoungGen      total 35328K, used 15390K [0x00000000d8b00000, 0x00000000db200000, 0x0000000100000000)
  eden space 30720K, 50% used [0x00000000d8b00000,0x00000000d9a07a50,0x00000000da900000)
  from space 4608K, 0% used [0x00000000dad80000,0x00000000dad80000,0x00000000db200000)
  to   space 4608K, 0% used [0x00000000da900000,0x00000000da900000,0x00000000dad80000)
 ParOldGen       total 80896K, used 0K [0x000000008a000000, 0x000000008ef00000, 0x00000000d8b00000)
  object space 80896K, 0% used [0x000000008a000000,0x000000008a000000,0x000000008ef00000)
 Metaspace       used 7581K, capacity 7798K, committed 7936K, reserved 1062912K
  class space    used 881K, capacity 985K, committed 1024K, reserved 1048576K

Card table byte_map: [0x00000000122f0000,0x00000000126b0000] byte_map_base: 0x0000000011ea0000

Marking Bits: (ParMarkBitMap*) 0x0000000060674ce0
 Begin Bits: [0x0000000013130000, 0x0000000014eb0000)
 End Bits:   [0x0000000014eb0000, 0x0000000016c30000)

Polling page: 0x0000000001460000

CodeCache: size=245760Kb used=2489Kb max_used=2489Kb free=243270Kb
 bounds [0x0000000002f30000, 0x00000000031a0000, 0x0000000011f30000]
 total_blobs=904 nmethods=574 adapters=244
 compilation: enabled

Compilation events (10 events):
Event: 0.458 Thread 0x00000000197d6000  570 %     4       sun.nio.cs.UTF_8$Decoder::decode @ 20 (779 bytes)
Event: 0.458 Thread 0x00000000197df000  569       3       org.codehaus.plexus.classworlds.strategy.SelfFirstStrategy::loadClass (50 bytes)
Event: 0.458 Thread 0x00000000197df000 nmethod 569 0x000000000319a1d0 code [0x000000000319a3c0, 0x000000000319adb8]
Event: 0.460 Thread 0x00000000197df000  571       3       java.util.Arrays::copyOf (13 bytes)
Event: 0.460 Thread 0x00000000197df000 nmethod 571 0x000000000319b350 code [0x000000000319b4c0, 0x000000000319b6c8]
Event: 0.462 Thread 0x00000000197df000  572       3       java.util.Hashtable$Enumerator::nextElement (111 bytes)
Event: 0.463 Thread 0x00000000197df000 nmethod 572 0x000000000319b790 code [0x000000000319b920, 0x000000000319bd48]
Event: 0.464 Thread 0x00000000197df000  573       3       java.lang.String::indexOf (166 bytes)
Event: 0.464 Thread 0x00000000197df000 nmethod 573 0x000000000319bf10 code [0x000000000319c0c0, 0x000000000319c710]
Event: 0.466 Thread 0x00000000197df000  574       3       java.security.CodeSource::equals (60 bytes)

GC Heap History (0 events):
No events

Deoptimization events (2 events):
Event: 0.357 Thread 0x0000000002e32800 Uncommon trap: reason=unstable_if action=reinterpret pc=0x00000000030ab408 method=java.net.URI.match(CJJ)Z @ 19
Event: 0.464 Thread 0x0000000002e32800 Uncommon trap: reason=unstable_if action=reinterpret pc=0x00000000030fdac0 method=java.lang.String.indexOf([CII[CIII)I @ 3

Classes redefined (0 events):
No events

Internal exceptions (10 events):
Event: 0.263 Thread 0x0000000002e32800 Exception <a 'java/lang/NullPointerException'> (0x00000000d90ce490) thrown at [C:\re\workspace\8-2-build-windows-amd64-cygwin\jdk8u201\12322\hotspot\src\share\vm\interpreter\linkResolver.cpp, line 1185]
Event: 0.263 Thread 0x0000000002e32800 Exception <a 'java/lang/NullPointerException'> (0x00000000d90ce698) thrown at [C:\re\workspace\8-2-build-windows-amd64-cygwin\jdk8u201\12322\hotspot\src\share\vm\interpreter\linkResolver.cpp, line 1185]
Event: 0.263 Thread 0x0000000002e32800 Exception <a 'java/lang/NullPointerException'> (0x00000000d90ce8a0) thrown at [C:\re\workspace\8-2-build-windows-amd64-cygwin\jdk8u201\12322\hotspot\src\share\vm\interpreter\linkResolver.cpp, line 1185]
Event: 0.271 Thread 0x0000000002e32800 Exception <a 'sun/nio/fs/WindowsException'> (0x00000000d91a4688) thrown at [C:\re\workspace\8-2-build-windows-amd64-cygwin\jdk8u201\12322\hotspot\src\share\vm\prims\jni.cpp, line 709]
Event: 0.271 Thread 0x0000000002e32800 Exception <a 'sun/nio/fs/WindowsException'> (0x00000000d91a4e88) thrown at [C:\re\workspace\8-2-build-windows-amd64-cygwin\jdk8u201\12322\hotspot\src\share\vm\prims\jni.cpp, line 709]
Event: 0.271 Thread 0x0000000002e32800 Exception <a 'sun/nio/fs/WindowsException'> (0x00000000d91a5538) thrown at [C:\re\workspace\8-2-build-windows-amd64-cygwin\jdk8u201\12322\hotspot\src\share\vm\prims\jni.cpp, line 709]
Event: 0.271 Thread 0x0000000002e32800 Exception <a 'sun/nio/fs/WindowsException'> (0x00000000d91a5b78) thrown at [C:\re\workspace\8-2-build-windows-amd64-cygwin\jdk8u201\12322\hotspot\src\share\vm\prims\jni.cpp, line 709]
Event: 0.271 Thread 0x0000000002e32800 Exception <a 'sun/nio/fs/WindowsException'> (0x00000000d91a6160) thrown at [C:\re\workspace\8-2-build-windows-amd64-cygwin\jdk8u201\12322\hotspot\src\share\vm\prims\jni.cpp, line 709]
Event: 0.361 Thread 0x0000000002e32800 Exception <a 'java/lang/NoSuchMethodError': java.lang.Object.lambda$identity$2(Ljava/lang/Object;)Ljava/lang/Object;> (0x00000000d94da088) thrown at [C:\re\workspace\8-2-build-windows-amd64-cygwin\jdk8u201\12322\hotspot\src\share\vm\interpreter\linkResolv
Event: 0.367 Thread 0x0000000002e32800 Exception <a 'java/lang/NoSuchMethodError': java.lang.Object.lambda$andThen$1(Ljava/util/function/Function;Ljava/lang/Object;)Ljava/lang/Object;> (0x00000000d94fcb68) thrown at [C:\re\workspace\8-2-build-windows-amd64-cygwin\jdk8u201\12322\hotspot\src\sha

Events (10 events):
Event: 0.463 loading class java/util/logging/LogManager$RootLogger done
Event: 0.464 Thread 0x0000000002e32800 Uncommon trap: trap_request=0xffffff65 fr.pc=0x00000000030fdac0
Event: 0.464 Thread 0x0000000002e32800 DEOPT PACKING pc=0x00000000030fdac0 sp=0x0000000002e1d5f0
Event: 0.464 Thread 0x0000000002e32800 DEOPT UNPACKING pc=0x0000000002f7583b sp=0x0000000002e1d548 mode 2
Event: 0.464 loading class java/util/logging/LogManager$5
Event: 0.464 loading class java/util/logging/LogManager$5 done
Event: 0.464 loading class com/google/common/base/Preconditions
Event: 0.464 loading class com/google/common/base/Preconditions done
Event: 0.465 loading class com/google/inject/internal/Errors
Event: 0.465 loading class com/google/inject/internal/Errors done


Dynamic libraries:
0x00007ff6fdb40000 - 0x00007ff6fdb77000 	C:\Program Files\Java\jdk1.8.0_201\bin\java.exe
0x00007ff90b990000 - 0x00007ff90bba8000 	C:\WINDOWS\SYSTEM32\ntdll.dll
0x00007ff90a540000 - 0x00007ff90a604000 	C:\WINDOWS\System32\KERNEL32.DLL
0x00007ff908f80000 - 0x00007ff909353000 	C:\WINDOWS\System32\KERNELBASE.dll
0x00007ff90b380000 - 0x00007ff90b431000 	C:\WINDOWS\System32\ADVAPI32.dll
0x00007ff90b8a0000 - 0x00007ff90b947000 	C:\WINDOWS\System32\msvcrt.dll
0x00007ff90a490000 - 0x00007ff90a538000 	C:\WINDOWS\System32\sechost.dll
0x00007ff909390000 - 0x00007ff9093b8000 	C:\WINDOWS\System32\bcrypt.dll
0x00007ff9099f0000 - 0x00007ff909b08000 	C:\WINDOWS\System32\RPCRT4.dll
0x00007ff909700000 - 0x00007ff9098b2000 	C:\WINDOWS\System32\USER32.dll
0x00007ff909360000 - 0x00007ff909386000 	C:\WINDOWS\System32\win32u.dll
0x00007ff90b440000 - 0x00007ff90b469000 	C:\WINDOWS\System32\GDI32.dll
0x00007ff908c90000 - 0x00007ff908db3000 	C:\WINDOWS\System32\gdi32full.dll
0x00007ff908ee0000 - 0x00007ff908f7a000 	C:\WINDOWS\System32\msvcp_win.dll
0x00007ff908dc0000 - 0x00007ff908ed1000 	C:\WINDOWS\System32\ucrtbase.dll
0x00007ff8f5b30000 - 0x00007ff8f5dcc000 	C:\WINDOWS\WinSxS\amd64_microsoft.windows.common-controls_6595b64144ccf1df_6.0.22621.6060_none_2712eda17382d24b\COMCTL32.dll
0x00007ff909640000 - 0x00007ff909671000 	C:\WINDOWS\System32\IMM32.DLL
0x0000000060bc0000 - 0x0000000060bcc000 	C:\Program Files (x86)\360\Total Security\safemon\SafeWrapper.dll
0x00007ff8f6d50000 - 0x00007ff8f6dfc000 	C:\Program Files (x86)\360\Total Security\safemon\libzdtp64.dll
0x00007ff90a790000 - 0x00007ff90b02e000 	C:\WINDOWS\System32\SHELL32.dll
0x00007ff908b50000 - 0x00007ff908c8f000 	C:\WINDOWS\System32\wintypes.dll
0x00007ff90a0f0000 - 0x00007ff90a482000 	C:\WINDOWS\System32\combase.dll
0x00007ff90a720000 - 0x00007ff90a789000 	C:\WINDOWS\System32\SHLWAPI.dll
0x00007ff9083f0000 - 0x00007ff9083fa000 	C:\WINDOWS\SYSTEM32\VERSION.dll
0x000000005fd70000 - 0x000000005fe41000 	C:\Program Files\Java\jdk1.8.0_201\jre\bin\msvcr100.dll
0x000000005fe50000 - 0x00000000606f4000 	C:\Program Files\Java\jdk1.8.0_201\jre\bin\server\jvm.dll
0x00007ff909630000 - 0x00007ff909638000 	C:\WINDOWS\System32\PSAPI.DLL
0x00007ff8f6210000 - 0x00007ff8f6219000 	C:\WINDOWS\SYSTEM32\WSOCK32.dll
0x00007ff90b630000 - 0x00007ff90b6a1000 	C:\WINDOWS\System32\WS2_32.dll
0x00007ff901aa0000 - 0x00007ff901ad4000 	C:\WINDOWS\SYSTEM32\WINMM.dll
0x00007ff904450000 - 0x00007ff90445f000 	C:\Program Files\Java\jdk1.8.0_201\jre\bin\verify.dll
0x00007ff901db0000 - 0x00007ff901dd9000 	C:\Program Files\Java\jdk1.8.0_201\jre\bin\java.dll
0x00007ff900500000 - 0x00007ff900516000 	C:\Program Files\Java\jdk1.8.0_201\jre\bin\zip.dll
0x00007ff906900000 - 0x00007ff907218000 	C:\WINDOWS\SYSTEM32\windows.storage.dll
0x00007ff90a610000 - 0x00007ff90a714000 	C:\WINDOWS\System32\SHCORE.dll
0x00007ff9089c0000 - 0x00007ff9089e5000 	C:\WINDOWS\SYSTEM32\profapi.dll
0x00007ff8f7f30000 - 0x00007ff8f7f4a000 	C:\Program Files\Java\jdk1.8.0_201\jre\bin\net.dll
0x00007ff8cd060000 - 0x00007ff8cd255000 	C:\WINDOWS\SYSTEM32\urlmon.dll
0x00007ff907470000 - 0x00007ff90747c000 	C:\WINDOWS\SYSTEM32\netutils.dll
0x00007ff8f8020000 - 0x00007ff8f8048000 	C:\WINDOWS\SYSTEM32\srvcli.dll
0x00007ff8f55a0000 - 0x00007ff8f585f000 	C:\WINDOWS\SYSTEM32\iertutil.dll
0x00007ff907ed0000 - 0x00007ff907f39000 	C:\WINDOWS\system32\mswsock.dll
0x00007ff8f7f10000 - 0x00007ff8f7f21000 	C:\Program Files\Java\jdk1.8.0_201\jre\bin\nio.dll
0x00007ff8f7000000 - 0x00007ff8f7024000 	C:\apache-maven-3.9.10\lib\jansi-native\Windows\x86_64\jansi.dll

VM Arguments:
jvm_args: -Dclassworlds.conf=C:\apache-maven-3.9.10\bin\m2.conf -Dmaven.home=C:\apache-maven-3.9.10 -Dlibrary.jansi.path=C:\apache-maven-3.9.10\lib\jansi-native -Dmaven.multiModuleProjectDirectory=C:\Users\vic\Documents\VhaoPuntoDeVenta 
java_command: org.codehaus.plexus.classworlds.launcher.Launcher -Dexec.args=-Duser.timezone=America/Monterrey -classpath %classpath Vista.Login -Dexec.executable=C:\Program Files\Java\jdk1.8.0_201\bin\java.exe -Dmaven.ext.class.path=C:\Program Files\NetBeans 8.2\java\maven-nblib\netbeans-eventspy.jar -Dfile.encoding=UTF-8 org.codehaus.mojo:exec-maven-plugin:1.2.1:exec
java_class_path (initial): C:\apache-maven-3.9.10\boot\plexus-classworlds-2.9.0.jar
Launcher Type: SUN_STANDARD

Environment Variables:
JAVA_HOME=C:\Program Files\Java\jdk1.8.0_201
PATH=C:\Program Files\Common Files\Oracle\Java\javapath;C:\Program Files (x86)\Common Files\Oracle\Java\javapath;C:\Program Files (x86)\Common Files\Intel\Shared Libraries\redist\intel64\compiler;"C:\Program Files\Java\jdk1.8.0_202\bin;C:\Program Files\Java\jre1.8.0_301";C:\WINDOWS\system32;C:\WINDOWS;C:\WINDOWS\System32\Wbem;C:\WINDOWS\System32\WindowsPowerShell\v1.0\;C:\WINDOWS\System32\OpenSSH\;C:\Users\vic\AppData\Local\Android\Sdk\platforms;C:\Users\vic\AppData\Local\Android\Sdk\platform-tools;C:\Program Files (x86)\QuickTime\QTSystem\;C:\Program Files\dotnet\;C:\Program Files\Microsoft SQL Server\Client SDK\ODBC\170\Tools\Binn\;C:\Program Files (x86)\Microsoft SQL Server\150\Tools\Binn\;C:\Program Files\Microsoft SQL Server\150\Tools\Binn\;C:\Program Files\Microsoft SQL Server\150\DTS\Binn\;C:\Program Files\Azure Data Studio\bin;C:\Program Files\Microsoft SQL Server\130\Tools\Binn\;C:\Program Files (x86)\Microsoft SQL Server\150\DTS\Binn\;C:\Program Files\Git\cmd;C:\Program Files\Microsoft SQL Server\Client SDK\ODBC\110\Tools\Binn\;C:\Program Files (x86)\Microsoft SQL Server\120\Tools\Binn\;C:\Program Files\Microsoft SQL Server\120\Tools\Binn\;C:\Program Files\Microsoft SQL Server\120\DTS\Binn\;C:\apache-maven-3.9.10\bin;C:\Program Files\Java\jdk-21\bin;C:\Program Files (x86)\WiX Toolset v3.14\bin;C:\Users\vic\AppData\Local\Microsoft\WindowsApps;;C:\Users\vic\AppData\Local\Programs\Microsoft VS Code\bin;C:\Users\vic\.dotnet\tools;C:\Program Files\Azure Data Studio\bin;C:\intellii\IntelliJ IDEA Community Edition 2025.1.2\bin;
USERNAME=vic
OS=Windows_NT
PROCESSOR_IDENTIFIER=AMD64 Family 23 Model 96 Stepping 1, AuthenticAMD



---------------  S Y S T E M  ---------------

OS: Windows 10.0 , 64 bit Build 22621 (10.0.22621.5415)

CPU:total 8 (initial active 8) (8 cores per cpu, 1 threads per core) family 23 model 96 stepping 1, cmov, cx8, fxsr, mmx, sse, sse2, sse3, ssse3, sse4.1, sse4.2, popcnt, avx, avx2, aes, clmul, mmxext, 3dnowpref, lzcnt, sse4a, tsc, tscinvbit, tscinv, bmi1

Memory: 4k page, physical 7730500k(818580k free), swap 11635816k(4312k free)

vm_info: Java HotSpot(TM) 64-Bit Server VM (25.201-b09) for windows-amd64 JRE (1.8.0_201-b09), built on Dec 15 2018 18:36:39 by "java_re" with MS VC++ 10.0 (VS2010)

time: Sun Nov 16 02:14:27 2025
timezone: Hora estándar central (México)
elapsed time: 0 seconds (0d 0h 0m 0s)

